  500/11492 ...
  1000/11492 ...
  1500/11492 ...
  2000/11492 ...
  2500/11492 ...
  3000/11492 ...
  3500/11492 ...
  4000/11492 ...
  4500/11492 ...
  5000/11492 ...
  5500/11492 ...
  6000/11492 ...
  6500/11492 ...
  7000/11492 ...
  7500/11492 ...
  8000/11492 ...
  8500/11492 ...
  9000/11492 ...
  9500/11492 ...
  10000/11492 ...
  10500/11492 ...
  11000/11492 ...

report -> reports/me2_v5_frozen_int8.json

==============================================================
  MODEL: onnx    TESTSET: data/manifests/frozen_test_v1.jsonl
==============================================================
  in-vocab  n= 6470   intent acc  56.41%   slot F1  55.25%   exact  44.30%   WER 81.58%
  oov       n= 5022   rejection  73.74%   false-accept  26.26%
  overall   command accuracy  57.16%
--------------------------------------------------------------
  per-intent (exact / slot F1):
    ask_question        40.06% /  40.06%   (n=1066)
    call                86.61% /  94.64%   (n=112)
    lights_adjust       54.70% /  55.03%   (n=404)
    lights_switch       34.62% /  48.81%   (n=1320)
    media_control       67.36% /  67.36%   (n=1737)
    play_music          14.96% /  69.97%   (n=929)
    reminders_lists     45.45% /  45.45%   (n=297)
    set_alarm           35.74% /  35.74%   (n=249)
    set_temperature     24.44% /  24.44%   (n=180)
    set_timer           49.43% /  49.43%   (n=176)
--------------------------------------------------------------
  per-subset:
    in_domain  exact 44.3%   (n=6470)
    ood_reject rejection 73.7%   (n=5022)
==============================================================
